                     ▲ BLOCKED BY (must complete first) ▲                     
                 ╭────────────────────╮╭────────────────────╮                 
                 │    ◆ 🔵 task-12    ││     🔵 task-13     │                 
                 │      task-12       ││      task-13       │                 
                 ╰────────────────────╯╰────────────────────╯                 
                                      │                                       
                                    ├─┼─┤                                     
                                      ▼                                       
                  ╔═══════════════════════════════════════╗                   
                  ║          ◆ 🔵 ⚡ 📝 task-14           ║                   
                  ║                task-14                ║                   
                  ║                ⬆2  ⬇1                 ║                   
                  ╚═══════════════════════════════════════╝                   
                                      │                                       
                                      │                                       
                                      ▼                                       
                            ╭────────────────────╮                            
                            │    ◆ 🔵 task-16    │                            
                            │      task-16       │                            
                            ╰────────────────────╯                            
                         ▼ BLOCKS (waiting on this) ▼                         

  📊 GRAPH METRICS                                                        
──────────────────────────────────────────────────────────────────────────
 Importance 
  Critical Path      4.00 ███░░░ #10
  PageRank         0.0358 ░░░░░░ #10
  Eigenvector      0.0000 ░░░░░░ #8

 Flow & Connectivity 
  Betweenness       11.60 ████░░ #3
  Hub Score        0.0000 ░░░░░░ #11
  Authority        0.0000 ░░░░░░ #15

 Connections 
  In-Degree             1 █░░░░░ #11
  Out-Degree            2 ██████ #2

task-14 • collapsed • column 1/1 • row 1/2                                    
H/L: pan • J/K: scroll • space: expand • j/k: select • enter: detail • ◆ criti