                     ▲ BLOCKED BY (must complete first) ▲                     
                            ╭────────────────────╮                            
                            │      ◆ 🔵 n4       │                            
                            │         n4         │                            
                            ╰────────────────────╯                            
                                      │                                       
                                      │                                       
                                      ▼                                       
                  ╔═══════════════════════════════════════╗                   
                  ║             ◆ 🔵 ⚡ 📝 n3             ║                   
                  ║                  n3                   ║                   
                  ║                ⬆1  ⬇2                 ║                   
                  ╚═══════════════════════════════════════╝                   
                                      │                                       
                                    ├─┼─┤                                     
                                      ▼                                       
                 ╭────────────────────╮╭────────────────────╮                 
                 │      ◆ 🔵 n1       ││       🔵 n2        │                 
                 │         n1         ││         n2         │                 
                 ╰────────────────────╯╰────────────────────╯                 
                         ▼ BLOCKS (waiting on this) ▼                         

  📊 GRAPH METRICS                                                        
──────────────────────────────────────────────────────────────────────────
 Importance 
  Critical Path      3.00 ████░░ #2
  PageRank         0.3061 █████░ #2
  Eigenvector      0.0000 ░░░░░░ #5

 Flow & Connectivity 
  Betweenness        3.00 ██████ #1
  Hub Score        0.0006 ░░░░░░ #4
  Authority        0.8165 ██████ #1

 Connections 
  In-Degree             2 ██████ #1
  Out-Degree            1 ███░░░ #4

n3 • collapsed • column 1/1 • row 1/2                                         
H/L: pan • J/K: scroll • space: expand • j/k: select • enter: detail • ◆ criti